// Jest Snapshot v1, https://goo.gl/fbAQLP

exports[`snapshot CountButton component 1`] = `
<div
  className="counter-container"
>
  <button
    onClick={[Function]}
  >
    0
  </button>
</div>
`;
